[33mΓ¥»[39m Building...
[32mΓ£ö[39m Building...
[35mPrerendered 0 static routes.[39m
Application bundle generation failed. [2.387 seconds] - 2026-03-05T15:36:18.334Z

node.exe : [1m[33m[33mΓû▓ [43;33m[[43;30mWARNING[43;33m][0m [1mNG8107: 
NG8107: The left side of this optional chain operation does not include 'null' 
or 'undefined' in its type, therefore the '?.' operator can be replaced with 
the '.' operator. Find more at 
https://v21.angular.dev/extended-diagnostics/NG8107[0m [1m[35m[plugin 
angular-compiler][0m
At line:1 char:1
+ & "C:\Program Files\nodejs/node.exe" "C:\Users\vikra\AppData\Roaming\ ...
+ ~~~~~~~~~~~~~~~~~~~~~~~~~~~~~~~~~~~~~~~~~~~~~~~~~~~~~~~~~~~~~~~~~~~~~
    + CategoryInfo          : NotSpecified: ([1m[33m[33mΓ...r-compiler][0m 
   :String) [], RemoteException
    + FullyQualifiedErrorId : NativeCommandError
 

    src/app/components/about/about.component.html:8:26:
[37m      8 Γöé           {{ developer()?.[32msummary[37m }}
        Γò╡                           [32m~~~~~~~[0m

  Warning occurs in the template of component AboutComponent.

    src/app/components/about/about.component.ts:9:15:
[37m      9 Γöé   templateUrl: [32m'./about.component.html'[37m,
        Γò╡                [32m~~~~~~~~~~~~~~~~~~~~~~~~[0m


[33mΓû▓ [43;33m[[43;30mWARNING[43;33m][0m [1mNG8113: NgOptimizedImage is 
not used within the template of ContactComponent[0m [1m[35m[plugin 
angular-compiler][0m

    src/app/components/contact/contact.component.ts:9:26:
[37m      9 Γöé   imports: [CommonModule, [32mNgOptimizedImage[37m, 
ReactiveFormsModule],
        Γò╡                           [32m~~~~~~~~~~~~~~~~[0m


[33mΓû▓ [43;33m[[43;30mWARNING[43;33m][0m [1mNG8107: NG8107: The left 
side of this optional chain operation does not include 'null' or 'undefined' 
in its type, therefore the '?.' operator can be replaced with the '.' 
operator. Find more at https://v21.angular.dev/extended-diagnostics/NG8107[0m 
[1m[35m[plugin angular-compiler][0m

    src/app/components/github/github.component.html:23:32:
[37m      23 Γöé         <a [href]="developer()?.[32mgithub[37m" 
target="_blank" rel="noope...
         Γò╡                                 [32m~~~~~~[0m

  Warning occurs in the template of component GitHubComponent.

    src/app/components/github/github.component.ts:9:15:
[37m      9 Γöé   templateUrl: [32m'./github.component.html'[37m,
        Γò╡                [32m~~~~~~~~~~~~~~~~~~~~~~~~~[0m


[33mΓû▓ [43;33m[[43;30mWARNING[43;33m][0m [1mNG8107: NG8107: The left 
side of this optional chain operation does not include 'null' or 'undefined' 
in its type, therefore the '?.' operator can be replaced with the '.' 
operator. Find more at https://v21.angular.dev/extended-diagnostics/NG8107[0m 
[1m[35m[plugin angular-compiler][0m

    src/app/components/hero/hero.component.html:10:26:
[37m      10 Γöé           {{ developer()?.[32mname[37m }}
         Γò╡                           [32m~~~~[0m

  Warning occurs in the template of component HeroComponent.

    src/app/components/hero/hero.component.ts:9:15:
[37m      9 Γöé   templateUrl: [32m'./hero.component.html'[37m,
        Γò╡                [32m~~~~~~~~~~~~~~~~~~~~~~~[0m


[33mΓû▓ [43;33m[[43;30mWARNING[43;33m][0m [1mNG8107: NG8107: The left 
side of this optional chain operation does not include 'null' or 'undefined' 
in its type, therefore the '?.' operator can be replaced with the '.' 
operator. Find more at https://v21.angular.dev/extended-diagnostics/NG8107[0m 
[1m[35m[plugin angular-compiler][0m

    src/app/components/hero/hero.component.html:13:26:
[37m      13 Γöé           {{ developer()?.[32mtagline[37m }}
         Γò╡                           [32m~~~~~~~[0m

  Warning occurs in the template of component HeroComponent.

    src/app/components/hero/hero.component.ts:9:15:
[37m      9 Γöé   templateUrl: [32m'./hero.component.html'[37m,
        Γò╡                [32m~~~~~~~~~~~~~~~~~~~~~~~[0m


[33mΓû▓ [43;33m[[43;30mWARNING[43;33m][0m [1mNG8107: NG8107: The left 
side of this optional chain operation does not include 'null' or 'undefined' 
in its type, therefore the '?.' operator can be replaced with the '.' 
operator. Find more at https://v21.angular.dev/extended-diagnostics/NG8107[0m 
[1m[35m[plugin angular-compiler][0m

    src/app/components/hero/hero.component.html:16:26:
[37m      16 Γöé           {{ developer()?.[32msummary[37m }}
         Γò╡                           [32m~~~~~~~[0m

  Warning occurs in the template of component HeroComponent.

    src/app/components/hero/hero.component.ts:9:15:
[37m      9 Γöé   templateUrl: [32m'./hero.component.html'[37m,
        Γò╡                [32m~~~~~~~~~~~~~~~~~~~~~~~[0m


[33mΓû▓ [43;33m[[43;30mWARNING[43;33m][0m [1mNG8107: NG8107: The left 
side of this optional chain operation does not include 'null' or 'undefined' 
in its type, therefore the '?.' operator can be replaced with the '.' 
operator. Find more at https://v21.angular.dev/extended-diagnostics/NG8107[0m 
[1m[35m[plugin angular-compiler][0m

    src/app/components/hero/hero.component.html:23:46:
[37m      23 Γöé ...[href]="'mailto:' + developer()?.[32memail[37m" 
class="btn btn-secondary">
         Γò╡                                     [32m~~~~~[0m

  Warning occurs in the template of component HeroComponent.

    src/app/components/hero/hero.component.ts:9:15:
[37m      9 Γöé   templateUrl: [32m'./hero.component.html'[37m,
        Γò╡                [32m~~~~~~~~~~~~~~~~~~~~~~~[0m


[33mΓû▓ [43;33m[[43;30mWARNING[43;33m][0m [1mNG8107: NG8107: The left 
side of this optional chain operation does not include 'null' or 'undefined' 
in its type, therefore the '?.' operator can be replaced with the '.' 
operator. Find more at https://v21.angular.dev/extended-diagnostics/NG8107[0m 
[1m[35m[plugin angular-compiler][0m

    src/app/components/hero/hero.component.html:32:32:
[37m      32 Γöé             [src]="developer()?.[32mprofileImage[37m"
         Γò╡                                 [32m~~~~~~~~~~~~[0m

  Warning occurs in the template of component HeroComponent.

    src/app/components/hero/hero.component.ts:9:15:
[37m      9 Γöé   templateUrl: [32m'./hero.component.html'[37m,
        Γò╡                [32m~~~~~~~~~~~~~~~~~~~~~~~[0m


[33mΓû▓ [43;33m[[43;30mWARNING[43;33m][0m [1mNG8107: NG8107: The left 
side of this optional chain operation does not include 'null' or 'undefined' 
in its type, therefore the '?.' operator can be replaced with the '.' 
operator. Find more at https://v21.angular.dev/extended-diagnostics/NG8107[0m 
[1m[35m[plugin angular-compiler][0m

    src/app/components/hero/hero.component.html:33:32:
[37m      33 Γöé             [alt]="developer()?.[32mname[37m"
         Γò╡                                 [32m~~~~[0m

  Warning occurs in the template of component HeroComponent.

    src/app/components/hero/hero.component.ts:9:15:
[37m      9 Γöé   templateUrl: [32m'./hero.component.html'[37m,
        Γò╡                [32m~~~~~~~~~~~~~~~~~~~~~~~[0m


[33mΓû▓ [43;33m[[43;30mWARNING[43;33m][0m [1mNG8107: NG8107: The left 
side of this optional chain operation does not include 'null' or 'undefined' 
in its type, therefore the '?.' operator can be replaced with the '.' 
operator. Find more at https://v21.angular.dev/extended-diagnostics/NG8107[0m 
[1m[35m[plugin angular-compiler][0m

    src/app/components/hero/hero.component.html:34:35:
[37m      34 Γöé             ngSrc="{{ developer()?.[32mprofileImage[37m }}"
         Γò╡                                    [32m~~~~~~~~~~~~[0m

  Warning occurs in the template of component HeroComponent.

    src/app/components/hero/hero.component.ts:9:15:
[37m      9 Γöé   templateUrl: [32m'./hero.component.html'[37m,
        Γò╡                [32m~~~~~~~~~~~~~~~~~~~~~~~[0m


[33mΓû▓ [43;33m[[43;30mWARNING[43;33m][0m [1mNG8113: NgOptimizedImage is 
not used within the template of NavbarComponent[0m [1m[35m[plugin 
angular-compiler][0m

    src/app/components/navbar/navbar.component.ts:8:26:
[37m      8 Γöé   imports: [CommonModule, [32mNgOptimizedImage[37m],
        Γò╡                           [32m~~~~~~~~~~~~~~~~[0m


[33mΓû▓ [43;33m[[43;30mWARNING[43;33m][0m [1mDeprecation[0m 
[1m[35m[plugin angular-sass][0m

    src/app/app.scss:1:8:
[37m      1 Γöé @import [32m[37m'./styles/variables.scss';
        Γò╡         [32m^[0m


  Sass @import rules are deprecated and will be removed in Dart Sass 3.0.0.
  
  More info and automated migrator: [4mhttps://sass-lang.com/d/import[0m


[33mΓû▓ [43;33m[[43;30mWARNING[43;33m][0m [1mDeprecation[0m 
[1m[35m[plugin angular-sass][0m

    src/app/components/about/about.component.scss:1:8:
[37m      1 Γöé @import [32m[37m'../../styles/variables.scss';
        Γò╡         [32m^[0m


  Sass @import rules are deprecated and will be removed in Dart Sass 3.0.0.
  
  More info and automated migrator: [4mhttps://sass-lang.com/d/import[0m


[33mΓû▓ [43;33m[[43;30mWARNING[43;33m][0m [1mDeprecation[0m 
[1m[35m[plugin angular-sass][0m

    src/app/components/certifications/certifications.component.scss:1:8:
[37m      1 Γöé @import [32m[37m'../../styles/variables.scss';
        Γò╡         [32m^[0m


  Sass @import rules are deprecated and will be removed in Dart Sass 3.0.0.
  
  More info and automated migrator: [4mhttps://sass-lang.com/d/import[0m


[33mΓû▓ [43;33m[[43;30mWARNING[43;33m][0m [1mDeprecation[0m 
[1m[35m[plugin angular-sass][0m

    src/app/components/contact/contact.component.scss:1:8:
[37m      1 Γöé @import [32m[37m'../../styles/variables.scss';
        Γò╡         [32m^[0m


  Sass @import rules are deprecated and will be removed in Dart Sass 3.0.0.
  
  More info and automated migrator: [4mhttps://sass-lang.com/d/import[0m


[33mΓû▓ [43;33m[[43;30mWARNING[43;33m][0m [1mDeprecation[0m 
[1m[35m[plugin angular-sass][0m

    src/app/components/experience/experience.component.scss:1:8:
[37m      1 Γöé @import [32m[37m'../../styles/variables.scss';
        Γò╡         [32m^[0m


  Sass @import rules are deprecated and will be removed in Dart Sass 3.0.0.
  
  More info and automated migrator: [4mhttps://sass-lang.com/d/import[0m


[33mΓû▓ [43;33m[[43;30mWARNING[43;33m][0m [1mDeprecation[0m 
[1m[35m[plugin angular-sass][0m

    src/app/components/footer/footer.component.scss:1:8:
[37m      1 Γöé @import [32m[37m'../../styles/variables.scss';
        Γò╡         [32m^[0m


  Sass @import rules are deprecated and will be removed in Dart Sass 3.0.0.
  
  More info and automated migrator: [4mhttps://sass-lang.com/d/import[0m


[33mΓû▓ [43;33m[[43;30mWARNING[43;33m][0m [1mDeprecation[0m 
[1m[35m[plugin angular-sass][0m

    src/app/components/github/github.component.scss:1:8:
[37m      1 Γöé @import [32m[37m'../../styles/variables.scss';
        Γò╡         [32m^[0m


  Sass @import rules are deprecated and will be removed in Dart Sass 3.0.0.
  
  More info and automated migrator: [4mhttps://sass-lang.com/d/import[0m


[33mΓû▓ [43;33m[[43;30mWARNING[43;33m][0m [1mDeprecation[0m 
[1m[35m[plugin angular-sass][0m

    src/app/components/hero/hero.component.scss:1:8:
[37m      1 Γöé @import [32m[37m'../../styles/variables.scss';
        Γò╡         [32m^[0m


  Sass @import rules are deprecated and will be removed in Dart Sass 3.0.0.
  
  More info and automated migrator: [4mhttps://sass-lang.com/d/import[0m


[33mΓû▓ [43;33m[[43;30mWARNING[43;33m][0m [1mDeprecation[0m 
[1m[35m[plugin angular-sass][0m

    src/app/components/navbar/navbar.component.scss:1:8:
[37m      1 Γöé @import [32m[37m'../../styles/variables.scss';
        Γò╡         [32m^[0m


  Sass @import rules are deprecated and will be removed in Dart Sass 3.0.0.
  
  More info and automated migrator: [4mhttps://sass-lang.com/d/import[0m


[33mΓû▓ [43;33m[[43;30mWARNING[43;33m][0m [1mDeprecation[0m 
[1m[35m[plugin angular-sass][0m

    src/app/components/projects/projects.component.scss:1:8:
[37m      1 Γöé @import [32m[37m'../../styles/variables.scss';
        Γò╡         [32m^[0m


  Sass @import rules are deprecated and will be removed in Dart Sass 3.0.0.
  
  More info and automated migrator: [4mhttps://sass-lang.com/d/import[0m


[33mΓû▓ [43;33m[[43;30mWARNING[43;33m][0m [1mDeprecation[0m 
[1m[35m[plugin angular-sass][0m

    src/app/components/skills/skills.component.scss:1:8:
[37m      1 Γöé @import [32m[37m'../../styles/variables.scss';
        Γò╡         [32m^[0m


  Sass @import rules are deprecated and will be removed in Dart Sass 3.0.0.
  
  More info and automated migrator: [4mhttps://sass-lang.com/d/import[0m


[33mΓû▓ [43;33m[[43;30mWARNING[43;33m][0m [1mDeprecation[0m 
[1m[35m[plugin angular-sass][0m

    src/styles.scss:2:8:
[37m      2 Γöé @import [32m[37m'./styles/variables.scss';
        Γò╡         [32m^[0m


  Sass @import rules are deprecated and will be removed in Dart Sass 3.0.0.
  
  More info and automated migrator: [4mhttps://sass-lang.com/d/import[0m

  The plugin "angular-sass" was triggered by this import

    angular:styles/global:styles:1:8:
[37m      1 Γöé @import [32m'src/styles.scss'[37m;
        Γò╡         [32m~~~~~~~~~~~~~~~~~[0m


[33mΓû▓ [43;33m[[43;30mWARNING[43;33m][0m [1mDeprecation[0m 
[1m[35m[plugin angular-sass][0m

    src/styles.scss:3:8:
[37m      3 Γöé @import [32m[37m'./styles/global.scss';
        Γò╡         [32m^[0m


  Sass @import rules are deprecated and will be removed in Dart Sass 3.0.0.
  
  More info and automated migrator: [4mhttps://sass-lang.com/d/import[0m

  The plugin "angular-sass" was triggered by this import

    angular:styles/global:styles:1:8:
[37m      1 Γöé @import [32m'src/styles.scss'[37m;
        Γò╡         [32m~~~~~~~~~~~~~~~~~[0m


[33mΓû▓ [43;33m[[43;30mWARNING[43;33m][0m [1mDeprecation[0m 
[1m[35m[plugin angular-sass][0m

    src/styles/global.scss:1:8:
[37m      1 Γöé @import [32m[37m'./variables.scss';
        Γò╡         [32m^[0m


  Sass @import rules are deprecated and will be removed in Dart Sass 3.0.0.
  
  More info and automated migrator: [4mhttps://sass-lang.com/d/import[0m

  The plugin "angular-sass" was triggered by this import

    angular:styles/global:styles:1:8:
[37m      1 Γöé @import [32m'src/styles.scss'[37m;
        Γò╡         [32m~~~~~~~~~~~~~~~~~[0m

[39m[22m
[1m[31m[31mX [41;31m[[41;97mERROR[41;31m][0m [1mCan't find stylesheet 
to import.
  Γò╖
1 Γöé @import '../../styles/variables.scss';
  Γöé         ^^^^^^^^^^^^^^^^^^^^^^^^^^^^^
  Γò╡
  src\app\components\navbar\navbar.component.scss 1:9  root stylesheet[0m 
[1m[35m[plugin angular-sass][0m


[31mX [41;31m[[41;97mERROR[41;31m][0m [1mCan't find stylesheet to import.
  Γò╖
1 Γöé @import '../../styles/variables.scss';
  Γöé         ^^^^^^^^^^^^^^^^^^^^^^^^^^^^^
  Γò╡
  src\app\components\skills\skills.component.scss 1:9  root stylesheet[0m 
[1m[35m[plugin angular-sass][0m


[31mX [41;31m[[41;97mERROR[41;31m][0m [1mCan't find stylesheet to import.
  Γò╖
1 Γöé @import '../../styles/variables.scss';
  Γöé         ^^^^^^^^^^^^^^^^^^^^^^^^^^^^^
  Γò╡
  src\app\components\certifications\certifications.component.scss 1:9  root 
stylesheet[0m [1m[35m[plugin angular-sass][0m


[31mX [41;31m[[41;97mERROR[41;31m][0m [1mCan't find stylesheet to import.
  Γò╖
1 Γöé @import '../../styles/variables.scss';
  Γöé         ^^^^^^^^^^^^^^^^^^^^^^^^^^^^^
  Γò╡
  src\app\components\contact\contact.component.scss 1:9  root stylesheet[0m 
[1m[35m[plugin angular-sass][0m


[31mX [41;31m[[41;97mERROR[41;31m][0m [1mCan't find stylesheet to import.
  Γò╖
1 Γöé @import './styles/variables.scss';
  Γöé         ^^^^^^^^^^^^^^^^^^^^^^^^^
  Γò╡
  src\app\app.scss 1:9  root stylesheet[0m [1m[35m[plugin angular-sass][0m


[31mX [41;31m[[41;97mERROR[41;31m][0m [1mCan't find stylesheet to import.
  Γò╖
1 Γöé @import '../../styles/variables.scss';
  Γöé         ^^^^^^^^^^^^^^^^^^^^^^^^^^^^^
  Γò╡
  src\app\components\footer\footer.component.scss 1:9  root stylesheet[0m 
[1m[35m[plugin angular-sass][0m


[31mX [41;31m[[41;97mERROR[41;31m][0m [1mCan't find stylesheet to import.
  Γò╖
1 Γöé @import '../../styles/variables.scss';
  Γöé         ^^^^^^^^^^^^^^^^^^^^^^^^^^^^^
  Γò╡
  src\app\components\github\github.component.scss 1:9  root stylesheet[0m 
[1m[35m[plugin angular-sass][0m


[31mX [41;31m[[41;97mERROR[41;31m][0m [1mCan't find stylesheet to import.
  Γò╖
1 Γöé @import '../../styles/variables.scss';
  Γöé         ^^^^^^^^^^^^^^^^^^^^^^^^^^^^^
  Γò╡
  src\app\components\hero\hero.component.scss 1:9  root stylesheet[0m 
[1m[35m[plugin angular-sass][0m


[31mX [41;31m[[41;97mERROR[41;31m][0m [1mCan't find stylesheet to import.
  Γò╖
1 Γöé @import '../../styles/variables.scss';
  Γöé         ^^^^^^^^^^^^^^^^^^^^^^^^^^^^^
  Γò╡
  src\app\components\about\about.component.scss 1:9  root stylesheet[0m 
[1m[35m[plugin angular-sass][0m


[31mX [41;31m[[41;97mERROR[41;31m][0m [1mCan't find stylesheet to import.
  Γò╖
1 Γöé @import '../../styles/variables.scss';
  Γöé         ^^^^^^^^^^^^^^^^^^^^^^^^^^^^^
  Γò╡
  src\app\components\experience\experience.component.scss 1:9  root 
stylesheet[0m [1m[35m[plugin angular-sass][0m


[31mX [41;31m[[41;97mERROR[41;31m][0m [1mCan't find stylesheet to import.
  Γò╖
1 Γöé @import '../../styles/variables.scss';
  Γöé         ^^^^^^^^^^^^^^^^^^^^^^^^^^^^^
  Γò╡
  src\app\components\projects\projects.component.scss 1:9  root stylesheet[0m 
[1m[35m[plugin angular-sass][0m

[39m[22m
